   Γû▓ Next.js 15.5.15
   - Environments: .env.local
   - Experiments (use with caution):
     ┬╖ serverActions

   Creating an optimized production build ...
node.exe :  ΓÜá Compiled with warnings in 117s
At line:1 char:1
+ & "C:\Program Files\nodejs/node.exe" "C:\Users\HP\AppData\Roaming\npm ...
+ ~~~~~~~~~~~~~~~~~~~~~~~~~~~~~~~~~~~~~~~~~~~~~~~~~~~~~~~~~~~~~~~~~~~~~
    + CategoryInfo          : NotSpecified: ( ΓÜá Compiled with warnings in 117s:String) [], R 
   emoteException
    + FullyQualifiedErrorId : NativeCommandError
 

./node_modules/@opentelemetry/instrumentation/build/esm/platform/node/instrumentation.js
Critical dependency: the request of a dependency is an expression

Import trace for requested module:
./node_modules/@opentelemetry/instrumentation/build/esm/platform/node/instrumentation.js
./node_modules/@opentelemetry/instrumentation/build/esm/platform/node/index.js
./node_modules/@opentelemetry/instrumentation/build/esm/platform/index.js
./node_modules/@opentelemetry/instrumentation/build/esm/index.js
./node_modules/@opentelemetry/sdk-node/build/src/sdk.js
./node_modules/@opentelemetry/sdk-node/build/src/index.js
./node_modules/@genkit-ai/core/lib/tracing/node-telemetry-provider.js
./node_modules/@genkit-ai/core/lib/node.js
./node_modules/genkit/lib/common.js
./node_modules/genkit/lib/index.mjs
./src/ai/flows/generate-chat-response.ts
./src/app/api/ai/task-chat/route.ts

   Linting and checking validity of types ...
   Collecting page data ...

> Build error occurred
[Error: ENOENT: no such file or directory, open 
'D:\AIII\Athena-AI-main\.next\server\pages-manifest.json'] {
  errno: -4058,
  code: 'ENOENT',
  syscall: 'open',
  path: 'D:\\AIII\\Athena-AI-main\\.next\\server\\pages-manifest.json'
}
